virtual pet 181
tamagotchi 299
mascot 434
monster collector 591
creature 715
cozy game 901
idle rpg 1088
farm game 1267
pixel rpg 1420
dungeon crawler 1570
card battler 1724
avatar maker 1903
cute pet 2005
dragon 2157
fairy tale 2297
adventure rpg 2387
hero 2522
animals 2675
kawaii 2821
sticker characters 2985
emoji maker 3147
memoji 3249
character creator 3372
mythology 3484
knight 3625
wizard 3780
robot 3959
alien 4141
dinosaur 4320
cat game 4461
dog game 4579
fish tank 4733
garden pets 4836
monster battle 4907
tower defense heroes 5066
merge game 5225
match three characters 5402
kids learning characters 5580
story game 5726
visual novel 5897
TOTAL 5897
